Attempting to connect to MongoDB...
URI length: undefined
node : MongoDB 
connection error: 
MongooseError: The 
`uri` parameter to 
`openUri()` must be 
a string, got 
"undefined". Make 
sure the first 
parameter to 
`mongoose.connect()` 
or `mongoose.createCo
nnection()` is a 
string.
At line:1 char:1
+ node 
backend/test-db.js > 
test_output.txt 2>&1
+ ~~~~~~~~~~~~~~~~~~~
~~~~~~~~~~~~~~~~~~~~~
~~~~~~
    + CategoryInfo   
           : NotSpe  
  cified: (MongoDB   
  connect...)` is    
 a string.:Strin    
g) [], RemoteExc    
eption
    + FullyQualified 
   ErrorId : Native  
  CommandError
 
    at NativeConnecti
on.createClient 
(C:\Users\Bunny sreej
a\SYNC\zenflow-tasks\
backend\node_modules\
mongoose\lib\drivers\
node-mongodb-native\c
onnection.js:237:11)
    at NativeConnecti
on.openUri 
(C:\Users\Bunny sreej
a\SYNC\zenflow-tasks\
backend\node_modules\
mongoose\lib\connecti
on.js:1075:34)
    at 
Mongoose.connect 
(C:\Users\Bunny sreej
a\SYNC\zenflow-tasks\
backend\node_modules\
mongoose\lib\mongoose
.js:450:15)
    at 
Object.<anonymous> 
(C:\Users\Bunny sreej
a\SYNC\zenflow-tasks\
backend\test-db.js:7:
10)
    at 
Module._compile (node
:internal/modules/cjs
/loader:1730:14)
    at Object..js (no
de:internal/modules/c
js/loader:1895:10)
    at Module.load (n
ode:internal/modules/
cjs/loader:1465:32)
    at 
Function._load (node:
internal/modules/cjs/
loader:1282:12)
    at TracingChannel
.traceSync (node:diag
nostics_channel:322:1
4)
    at 
wrapModuleLoad (node:
internal/modules/cjs/
loader:235:24)
